// Jest Snapshot v1, https://goo.gl/fbAQLP

exports[`MainPage render MainPage 1`] = `
<body>
  <div>
    <header>
      <button
        class="addButton"
      >
        + ADD MOVIE
      </button>
      <div
        class="searchContainer"
      >
        <label>
          FIND YOUR MOVIE
        </label>
        <div
          class="search"
        >
          <input
            placeholder="What do you want to watch?"
            type="text"
            value=""
          />
          <div
            class="searchButton"
          >
            <a
              href="/search?searchString="
            >
              SEARCH
            </a>
          </div>
        </div>
      </div>
    </header>
    <main>
      <nav>
        <ul>
          <li
            class="active"
            data-value="All"
          >
            All
          </li>
          <li
            data-value="Documentary"
          >
            Documentary
          </li>
          <li
            data-value="Comedy"
          >
            Comedy
          </li>
          <li
            data-value="Horror"
          >
            Horror
          </li>
          <li
            data-value="Crime"
          >
            Crime
          </li>
        </ul>
        <div
          class="sorting"
        >
          <label>
            SORT BY
          </label>
          <select>
            <option
              value="release_date"
            >
              Release date
            </option>
            <option
              value="revenue"
            >
              Revenue
            </option>
            <option
              value="vote_average"
            >
              Votes
            </option>
          </select>
        </div>
      </nav>
      <div
        class="postNavigation"
      >
        <div
          class="counting"
        >
          2
           movies found
        </div>
        <div
          class="mobileSorting"
        >
          <label>
            SORT BY
          </label>
          <select>
            <option
              value="release_date"
            >
              Release date
            </option>
            <option
              value="revenue"
            >
              Revenue
            </option>
            <option
              value="vote_average"
            >
              Votes
            </option>
          </select>
        </div>
      </div>
      <div
        class="moviesContainer"
      >
        <div
          class="cardContainer"
        >
          <span
            class="menuIcon"
          >
            ⋮
          </span>
          <div
            class="menu"
          >
            <button
              class="closeButton"
            >
              <span
                class="closeIcon"
              >
                +
              </span>
            </button>
            <div
              class="option"
            >
              Edit
            </div>
            <div
              class="option"
            >
              Delete
            </div>
          </div>
          <div
            class="card"
          >
            <img
              alt="Movie 2 title poster"
              src="https://someImage.com"
            />
            <div
              class="mainInfoContainer"
            >
              <h4>
                Movie 2 title
              </h4>
              <span
                class="date"
              >
                2021
              </span>
            </div>
            <p>
              Crime
            </p>
          </div>
        </div>
        <div
          class="cardContainer"
        >
          <span
            class="menuIcon"
          >
            ⋮
          </span>
          <div
            class="menu"
          >
            <button
              class="closeButton"
            >
              <span
                class="closeIcon"
              >
                +
              </span>
            </button>
            <div
              class="option"
            >
              Edit
            </div>
            <div
              class="option"
            >
              Delete
            </div>
          </div>
          <div
            class="card"
          >
            <img
              alt="Movie 1 title poster"
              src="https://someImage.com"
            />
            <div
              class="mainInfoContainer"
            >
              <h4>
                Movie 1 title
              </h4>
              <span
                class="date"
              >
                2020
              </span>
            </div>
            <p>
              Comedy
            </p>
          </div>
        </div>
      </div>
    </main>
  </div>
</body>
`;
