// Jest Snapshot v1, https://goo.gl/fbAQLP

exports[`Logo render Logo 1`] = `
<body>
  <div>
    <div
      class="logo undefined"
    >
      <span>
        netflix
      </span>
      roulette
    </div>
  </div>
</body>
`;
